// Vitest Snapshot v1, https://vitest.dev/guide/snapshot.html

exports[`makeAccountingPeriods > iterates through months 1`] = `
[
  {
    "label": "October, 2021",
    "value": {
      "current": true,
      "month": 10,
      "year": 2021,
    },
  },
  {
    "label": "September, 2021",
    "value": {
      "current": false,
      "month": 9,
      "year": 2021,
    },
  },
  {
    "label": "August, 2021",
    "value": {
      "current": false,
      "month": 8,
      "year": 2021,
    },
  },
  {
    "label": "July, 2021",
    "value": {
      "current": false,
      "month": 7,
      "year": 2021,
    },
  },
  {
    "label": "June, 2021",
    "value": {
      "current": false,
      "month": 6,
      "year": 2021,
    },
  },
  {
    "label": "May, 2021",
    "value": {
      "current": false,
      "month": 5,
      "year": 2021,
    },
  },
  {
    "label": "April, 2021",
    "value": {
      "current": false,
      "month": 4,
      "year": 2021,
    },
  },
  {
    "label": "March, 2021",
    "value": {
      "current": false,
      "month": 3,
      "year": 2021,
    },
  },
  {
    "label": "February, 2021",
    "value": {
      "current": false,
      "month": 2,
      "year": 2021,
    },
  },
  {
    "label": "January, 2021",
    "value": {
      "current": false,
      "month": 1,
      "year": 2021,
    },
  },
]
`;
