// Vitest Snapshot v1, https://vitest.dev/guide/snapshot.html

exports[`OpenPortal allocation usage chart formatter > parses data and returns eChart option correctly 1`] = `
[
  {
    "field": "cpu_usage",
    "name": "CPU usage",
    "options": {
      "color": [
        "#003366",
        "#006699",
        "#23c6c8",
        "#eee8d5",
        "#1c84c6",
        "green",
        "red",
        "orange",
        "yellow",
        "purple",
        "aqua",
        "pink",
      ],
      "legend": {
        "data": [
          "Usage",
          "douglas",
          "steven",
          "corey",
        ],
      },
      "series": [
        {
          "data": [
            16.67,
            33.33,
            66.67,
            33.33,
            0,
            0,
          ],
          "name": "Usage",
          "type": "line",
          "yAxisIndex": 1,
        },
        {
          "data": [
            0,
            0,
            25,
            0,
            16.67,
            0,
          ],
          "name": "douglas",
          "type": "bar",
          "yAxisIndex": 0,
        },
        {
          "data": [
            0,
            16.67,
            0,
            66.67,
            16.67,
            0,
          ],
          "name": "steven",
          "type": "bar",
          "yAxisIndex": 0,
        },
        {
          "data": [
            0,
            0,
            8.33,
            0,
            0,
            0,
          ],
          "name": "corey",
          "type": "bar",
          "yAxisIndex": 0,
        },
      ],
      "tooltip": {
        "axisPointer": {
          "crossStyle": {
            "color": "#999",
          },
          "type": "cross",
        },
        "trigger": "axis",
      },
      "xAxis": [
        {
          "axisPointer": {
            "type": "shadow",
          },
          "data": [
            "2 - 2020",
            "3 - 2020",
            "4 - 2020",
            "5 - 2020",
            "6 - 2020",
            "7 - 2020",
          ],
          "type": "category",
        },
      ],
      "yAxis": [
        {
          "axisLabel": {
            "formatter": "{value} h",
          },
          "axisLine": {
            "show": true,
          },
          "axisTick": {
            "show": true,
          },
          "name": "Usage",
          "type": "value",
        },
        {
          "axisLabel": {
            "formatter": "{value} h",
          },
          "axisLine": {
            "show": true,
          },
          "axisTick": {
            "show": true,
          },
          "name": "",
          "type": "value",
        },
      ],
    },
  },
  {
    "field": "gpu_usage",
    "name": "GPU usage",
    "options": {
      "color": [
        "#003366",
        "#006699",
        "#23c6c8",
        "#eee8d5",
        "#1c84c6",
        "green",
        "red",
        "orange",
        "yellow",
        "purple",
        "aqua",
        "pink",
      ],
      "legend": {
        "data": [
          "Usage",
          "douglas",
          "steven",
          "corey",
        ],
      },
      "series": [
        {
          "data": [
            16.67,
            33.33,
            66.67,
            33.33,
            0,
            0,
          ],
          "name": "Usage",
          "type": "line",
          "yAxisIndex": 1,
        },
        {
          "data": [
            0,
            0,
            25,
            0,
            16.67,
            0,
          ],
          "name": "douglas",
          "type": "bar",
          "yAxisIndex": 0,
        },
        {
          "data": [
            0,
            16.67,
            0,
            66.67,
            16.67,
            0,
          ],
          "name": "steven",
          "type": "bar",
          "yAxisIndex": 0,
        },
        {
          "data": [
            0,
            0,
            8.33,
            0,
            0,
            0,
          ],
          "name": "corey",
          "type": "bar",
          "yAxisIndex": 0,
        },
      ],
      "tooltip": {
        "axisPointer": {
          "crossStyle": {
            "color": "#999",
          },
          "type": "cross",
        },
        "trigger": "axis",
      },
      "xAxis": [
        {
          "axisPointer": {
            "type": "shadow",
          },
          "data": [
            "2 - 2020",
            "3 - 2020",
            "4 - 2020",
            "5 - 2020",
            "6 - 2020",
            "7 - 2020",
          ],
          "type": "category",
        },
      ],
      "yAxis": [
        {
          "axisLabel": {
            "formatter": "{value} h",
          },
          "axisLine": {
            "show": true,
          },
          "axisTick": {
            "show": true,
          },
          "name": "Usage",
          "type": "value",
        },
        {
          "axisLabel": {
            "formatter": "{value} h",
          },
          "axisLine": {
            "show": true,
          },
          "axisTick": {
            "show": true,
          },
          "name": "",
          "type": "value",
        },
      ],
    },
  },
  {
    "field": "ram_usage",
    "name": "RAM usage",
    "options": {
      "color": [
        "#003366",
        "#006699",
        "#23c6c8",
        "#eee8d5",
        "#1c84c6",
        "green",
        "red",
        "orange",
        "yellow",
        "purple",
        "aqua",
        "pink",
      ],
      "legend": {
        "data": [
          "Usage",
          "douglas",
          "steven",
          "corey",
        ],
      },
      "series": [
        {
          "data": [
            0.02,
            0.03,
            0.07,
            0.03,
            0,
            0,
          ],
          "name": "Usage",
          "type": "line",
          "yAxisIndex": 1,
        },
        {
          "data": [
            0,
            0,
            0.02,
            0,
            0.02,
            0,
          ],
          "name": "douglas",
          "type": "bar",
          "yAxisIndex": 0,
        },
        {
          "data": [
            0,
            0.02,
            0,
            0.07,
            0.02,
            0,
          ],
          "name": "steven",
          "type": "bar",
          "yAxisIndex": 0,
        },
        {
          "data": [
            0,
            0,
            0.01,
            0,
            0,
            0,
          ],
          "name": "corey",
          "type": "bar",
          "yAxisIndex": 0,
        },
      ],
      "tooltip": {
        "axisPointer": {
          "crossStyle": {
            "color": "#999",
          },
          "type": "cross",
        },
        "trigger": "axis",
      },
      "xAxis": [
        {
          "axisPointer": {
            "type": "shadow",
          },
          "data": [
            "2 - 2020",
            "3 - 2020",
            "4 - 2020",
            "5 - 2020",
            "6 - 2020",
            "7 - 2020",
          ],
          "type": "category",
        },
      ],
      "yAxis": [
        {
          "axisLabel": {
            "formatter": "{value} GB-hours",
          },
          "axisLine": {
            "show": true,
          },
          "axisTick": {
            "show": true,
          },
          "name": "Usage",
          "type": "value",
        },
        {
          "axisLabel": {
            "formatter": "{value} GB-hours",
          },
          "axisLine": {
            "show": true,
          },
          "axisTick": {
            "show": true,
          },
          "name": "",
          "type": "value",
        },
      ],
    },
  },
]
`;
